Archive member included to satisfy reference by file (symbol)

/home/lchagnoleau/opt/gcc-arm-none-eabi-6-2017-q1-update/bin/../lib/gcc/arm-none-eabi/6.3.1/thumb/v6-m/libgcc.a(_udivsi3.o)
                              ./system/src/cmsis/system_stm32l0xx.o (__aeabi_uidiv)
/home/lchagnoleau/opt/gcc-arm-none-eabi-6-2017-q1-update/bin/../lib/gcc/arm-none-eabi/6.3.1/thumb/v6-m/libgcc.a(_dvmd_tls.o)
                              /home/lchagnoleau/opt/gcc-arm-none-eabi-6-2017-q1-update/bin/../lib/gcc/arm-none-eabi/6.3.1/thumb/v6-m/libgcc.a(_udivsi3.o) (__aeabi_idiv0)
/home/lchagnoleau/opt/gcc-arm-none-eabi-6-2017-q1-update/bin/../lib/gcc/arm-none-eabi/6.3.1/thumb/v6-m/libgcc.a(unwind-arm.o)
                              ./system/src/newlib/_cxx.o (__aeabi_unwind_cpp_pr0)
/home/lchagnoleau/opt/gcc-arm-none-eabi-6-2017-q1-update/bin/../lib/gcc/arm-none-eabi/6.3.1/thumb/v6-m/libgcc.a(libunwind.o)
                              /home/lchagnoleau/opt/gcc-arm-none-eabi-6-2017-q1-update/bin/../lib/gcc/arm-none-eabi/6.3.1/thumb/v6-m/libgcc.a(unwind-arm.o) (restore_core_regs)
/home/lchagnoleau/opt/gcc-arm-none-eabi-6-2017-q1-update/bin/../lib/gcc/arm-none-eabi/6.3.1/thumb/v6-m/libgcc.a(pr-support.o)
                              /home/lchagnoleau/opt/gcc-arm-none-eabi-6-2017-q1-update/bin/../lib/gcc/arm-none-eabi/6.3.1/thumb/v6-m/libgcc.a(unwind-arm.o) (__gnu_unwind_execute)
/home/lchagnoleau/opt/gcc-arm-none-eabi-6-2017-q1-update/bin/../lib/gcc/arm-none-eabi/6.3.1/../../../../arm-none-eabi/lib/thumb/v6-m/libg_nano.a(lib_a-errno.o)
                              ./system/src/newlib/_sbrk.o (__errno)
/home/lchagnoleau/opt/gcc-arm-none-eabi-6-2017-q1-update/bin/../lib/gcc/arm-none-eabi/6.3.1/../../../../arm-none-eabi/lib/thumb/v6-m/libg_nano.a(lib_a-findfp.o)
                              ./system/src/newlib/_syscalls.o (__sinit)
/home/lchagnoleau/opt/gcc-arm-none-eabi-6-2017-q1-update/bin/../lib/gcc/arm-none-eabi/6.3.1/../../../../arm-none-eabi/lib/thumb/v6-m/libg_nano.a(lib_a-fwalk.o)
                              /home/lchagnoleau/opt/gcc-arm-none-eabi-6-2017-q1-update/bin/../lib/gcc/arm-none-eabi/6.3.1/../../../../arm-none-eabi/lib/thumb/v6-m/libg_nano.a(lib_a-findfp.o) (_fwalk)
/home/lchagnoleau/opt/gcc-arm-none-eabi-6-2017-q1-update/bin/../lib/gcc/arm-none-eabi/6.3.1/../../../../arm-none-eabi/lib/thumb/v6-m/libg_nano.a(lib_a-impure.o)
                              /home/lchagnoleau/opt/gcc-arm-none-eabi-6-2017-q1-update/bin/../lib/gcc/arm-none-eabi/6.3.1/../../../../arm-none-eabi/lib/thumb/v6-m/libg_nano.a(lib_a-findfp.o) (_global_impure_ptr)
/home/lchagnoleau/opt/gcc-arm-none-eabi-6-2017-q1-update/bin/../lib/gcc/arm-none-eabi/6.3.1/../../../../arm-none-eabi/lib/thumb/v6-m/libg_nano.a(lib_a-init.o)
                              ./system/src/cmsis/startup_stm32l011xx.o (__libc_init_array)
/home/lchagnoleau/opt/gcc-arm-none-eabi-6-2017-q1-update/bin/../lib/gcc/arm-none-eabi/6.3.1/../../../../arm-none-eabi/lib/thumb/v6-m/libg_nano.a(lib_a-locale.o)
                              ./system/src/newlib/_syscalls.o (__locale_ctype_ptr)
/home/lchagnoleau/opt/gcc-arm-none-eabi-6-2017-q1-update/bin/../lib/gcc/arm-none-eabi/6.3.1/../../../../arm-none-eabi/lib/thumb/v6-m/libg_nano.a(lib_a-mbtowc_r.o)
                              /home/lchagnoleau/opt/gcc-arm-none-eabi-6-2017-q1-update/bin/../lib/gcc/arm-none-eabi/6.3.1/../../../../arm-none-eabi/lib/thumb/v6-m/libg_nano.a(lib_a-locale.o) (__ascii_mbtowc)
/home/lchagnoleau/opt/gcc-arm-none-eabi-6-2017-q1-update/bin/../lib/gcc/arm-none-eabi/6.3.1/../../../../arm-none-eabi/lib/thumb/v6-m/libg_nano.a(lib_a-memcpy-stub.o)
                              /home/lchagnoleau/opt/gcc-arm-none-eabi-6-2017-q1-update/bin/../lib/gcc/arm-none-eabi/6.3.1/thumb/v6-m/libgcc.a(unwind-arm.o) (memcpy)
/home/lchagnoleau/opt/gcc-arm-none-eabi-6-2017-q1-update/bin/../lib/gcc/arm-none-eabi/6.3.1/../../../../arm-none-eabi/lib/thumb/v6-m/libg_nano.a(lib_a-memset.o)
                              ./system/src/newlib/_syscalls.o (memset)
/home/lchagnoleau/opt/gcc-arm-none-eabi-6-2017-q1-update/bin/../lib/gcc/arm-none-eabi/6.3.1/../../../../arm-none-eabi/lib/thumb/v6-m/libg_nano.a(lib_a-nano-mallocr.o)
                              /home/lchagnoleau/opt/gcc-arm-none-eabi-6-2017-q1-update/bin/../lib/gcc/arm-none-eabi/6.3.1/../../../../arm-none-eabi/lib/thumb/v6-m/libg_nano.a(lib_a-findfp.o) (_malloc_r)
/home/lchagnoleau/opt/gcc-arm-none-eabi-6-2017-q1-update/bin/../lib/gcc/arm-none-eabi/6.3.1/../../../../arm-none-eabi/lib/thumb/v6-m/libg_nano.a(lib_a-sbrkr.o)
                              /home/lchagnoleau/opt/gcc-arm-none-eabi-6-2017-q1-update/bin/../lib/gcc/arm-none-eabi/6.3.1/../../../../arm-none-eabi/lib/thumb/v6-m/libg_nano.a(lib_a-nano-mallocr.o) (_sbrk_r)
/home/lchagnoleau/opt/gcc-arm-none-eabi-6-2017-q1-update/bin/../lib/gcc/arm-none-eabi/6.3.1/../../../../arm-none-eabi/lib/thumb/v6-m/libg_nano.a(lib_a-stdio.o)
[...]
Memory Configuration

Name             Origin             Length             Attributes
FLASH            0x0000000008000000 0x0000000000004000 xr
RAM              0x0000000020000000 0x0000000000000800 xrw
CCMRAM           0x0000000010000000 0x0000000000000000 xrw
FLASHB1          0x0000000000000000 0x0000000000000000 xr
EXTMEMB0         0x0000000000000000 0x0000000000000000 xr
EXTMEMB1         0x0000000000000000 0x0000000000000000 xr
EXTMEMB2         0x0000000000000000 0x0000000000000000 xr
EXTMEMB3         0x0000000000000000 0x0000000000000000 xr
*default*        0x0000000000000000 0xffffffffffffffff

Linker script and memory map

LOAD ./system/src/newlib/_cxx.o
LOAD ./system/src/newlib/_exit.o
LOAD ./system/src/newlib/_sbrk.o
LOAD ./system/src/newlib/_startup.o
LOAD ./system/src/newlib/_syscalls.o
LOAD ./system/src/newlib/assert.o
LOAD ./system/src/diag/Trace.o
LOAD ./system/src/diag/trace_impl.o
LOAD ./system/src/cortexm/_initialize_hardware.o
LOAD ./system/src/cortexm/_reset_hardware.o
LOAD ./system/src/cortexm/exception_handlers.o
LOAD ./system/src/cmsis/startup_stm32l011xx.o
LOAD ./system/src/cmsis/system_stm32l0xx.o
LOAD ./system/src/STM32L011xx/stm32l0xx_hal.o
LOAD ./system/src/STM32L011xx/stm32l0xx_hal_adc.o
LOAD ./system/src/STM32L011xx/stm32l0xx_hal_adc_ex.o
LOAD ./system/src/STM32L011xx/stm32l0xx_hal_comp.o
LOAD ./system/src/STM32L011xx/stm32l0xx_hal_comp_ex.o
LOAD ./system/src/STM32L011xx/stm32l0xx_hal_cortex.o
LOAD ./system/src/STM32L011xx/stm32l0xx_hal_crc.o
LOAD ./system/src/STM32L011xx/stm32l0xx_hal_crc_ex.o
LOAD ./system/src/STM32L011xx/stm32l0xx_hal_cryp.o
LOAD ./system/src/STM32L011xx/stm32l0xx_hal_cryp_ex.o
LOAD ./system/src/STM32L011xx/stm32l0xx_hal_dac.o
LOAD ./system/src/STM32L011xx/stm32l0xx_hal_dac_ex.o
LOAD ./system/src/STM32L011xx/stm32l0xx_hal_dma.o
LOAD ./system/src/STM32L011xx/stm32l0xx_hal_firewall.o
LOAD ./system/src/STM32L011xx/stm32l0xx_hal_flash.o
LOAD ./system/src/STM32L011xx/stm32l0xx_hal_flash_ex.o
LOAD ./system/src/STM32L011xx/stm32l0xx_hal_flash_ramfunc.o
LOAD ./system/src/STM32L011xx/stm32l0xx_hal_gpio.o
LOAD ./system/src/STM32L011xx/stm32l0xx_hal_i2c.o
LOAD ./system/src/STM32L011xx/stm32l0xx_hal_i2c_ex.o
LOAD ./system/src/STM32L011xx/stm32l0xx_hal_i2s.o
LOAD ./system/src/STM32L011xx/stm32l0xx_hal_irda.o
LOAD ./system/src/STM32L011xx/stm32l0xx_hal_iwdg.o
LOAD ./system/src/STM32L011xx/stm32l0xx_hal_lcd.o
LOAD ./system/src/STM32L011xx/stm32l0xx_hal_lptim.o
LOAD ./system/src/STM32L011xx/stm32l0xx_hal_msp_template.o
LOAD ./system/src/STM32L011xx/stm32l0xx_hal_pcd.o
LOAD ./system/src/STM32L011xx/stm32l0xx_hal_pcd_ex.o
LOAD ./system/src/STM32L011xx/stm32l0xx_hal_pwr.o
LOAD ./system/src/STM32L011xx/stm32l0xx_hal_pwr_ex.o
LOAD ./system/src/STM32L011xx/stm32l0xx_hal_rcc.o
LOAD ./system/src/STM32L011xx/stm32l0xx_hal_rcc_ex.o
LOAD ./system/src/STM32L011xx/stm32l0xx_hal_rng.o
LOAD ./system/src/STM32L011xx/stm32l0xx_hal_rtc.o
LOAD ./system/src/STM32L011xx/stm32l0xx_hal_rtc_ex.o
LOAD ./system/src/STM32L011xx/stm32l0xx_hal_smartcard.o
LOAD ./system/src/STM32L011xx/stm32l0xx_hal_smartcard_ex.o
LOAD ./system/src/STM32L011xx/stm32l0xx_hal_smbus.o
LOAD ./system/src/STM32L011xx/stm32l0xx_hal_spi.o
LOAD ./system/src/STM32L011xx/stm32l0xx_hal_tim.o
LOAD ./system/src/STM32L011xx/stm32l0xx_hal_tim_ex.o
LOAD ./system/src/STM32L011xx/stm32l0xx_hal_tsc.o
LOAD ./system/src/STM32L011xx/stm32l0xx_hal_uart.o
LOAD ./system/src/STM32L011xx/stm32l0xx_hal_uart_ex.o
LOAD ./system/src/STM32L011xx/stm32l0xx_hal_usart.o
LOAD ./system/src/STM32L011xx/stm32l0xx_hal_wwdg.o
LOAD ./system/src/STM32L011xx/stm32l0xx_ll_adc.o
LOAD ./system/src/STM32L011xx/stm32l0xx_ll_comp.o
LOAD ./system/src/STM32L011xx/stm32l0xx_ll_crc.o
LOAD ./system/src/STM32L011xx/stm32l0xx_ll_crs.o
LOAD ./system/src/STM32L011xx/stm32l0xx_ll_dac.o
LOAD ./system/src/STM32L011xx/stm32l0xx_ll_dma.o
LOAD ./system/src/STM32L011xx/stm32l0xx_ll_exti.o
LOAD ./system/src/STM32L011xx/stm32l0xx_ll_gpio.o
LOAD ./system/src/STM32L011xx/stm32l0xx_ll_i2c.o
LOAD ./system/src/STM32L011xx/stm32l0xx_ll_lptim.o
LOAD ./system/src/STM32L011xx/stm32l0xx_ll_lpuart.o
LOAD ./system/src/STM32L011xx/stm32l0xx_ll_pwr.o
LOAD ./system/src/STM32L011xx/stm32l0xx_ll_rcc.o
LOAD ./system/src/STM32L011xx/stm32l0xx_ll_rng.o
LOAD ./system/src/STM32L011xx/stm32l0xx_ll_rtc.o
LOAD ./system/src/STM32L011xx/stm32l0xx_ll_spi.o
LOAD ./system/src/STM32L011xx/stm32l0xx_ll_tim.o
LOAD ./system/src/STM32L011xx/stm32l0xx_ll_usart.o
LOAD ./system/src/STM32L011xx/stm32l0xx_ll_utils.o
LOAD ./src/_write.o
LOAD ./src/init.o
LOAD ./src/main.o
LOAD /home/lchagnoleau/opt/gcc-arm-none-eabi-6-2017-q1-update/bin/../lib/gcc/arm-none-eabi/6.3.1/../../../../arm-none-eabi/lib/thumb/v6-m/libstdc++_nano.a
LOAD /home/lchagnoleau/opt/gcc-arm-none-eabi-6-2017-q1-update/bin/../lib/gcc/arm-none-eabi/6.3.1/../../../../arm-none-eabi/lib/thumb/v6-m/libm.a
START GROUP
LOAD /home/lchagnoleau/opt/gcc-arm-none-eabi-6-2017-q1-update/bin/../lib/gcc/arm-none-eabi/6.3.1/thumb/v6-m/libgcc.a
LOAD /home/lchagnoleau/opt/gcc-arm-none-eabi-6-2017-q1-update/bin/../lib/gcc/arm-none-eabi/6.3.1/../../../../arm-none-eabi/lib/thumb/v6-m/libg_nano.a
LOAD /home/lchagnoleau/opt/gcc-arm-none-eabi-6-2017-q1-update/bin/../lib/gcc/arm-none-eabi/6.3.1/../../../../arm-none-eabi/lib/thumb/v6-m/libc_nano.a
END GROUP
START GROUP
LOAD /home/lchagnoleau/opt/gcc-arm-none-eabi-6-2017-q1-update/bin/../lib/gcc/arm-none-eabi/6.3.1/thumb/v6-m/libgcc.a
LOAD /home/lchagnoleau/opt/gcc-arm-none-eabi-6-2017-q1-update/bin/../lib/gcc/arm-none-eabi/6.3.1/../../../../arm-none-eabi/lib/thumb/v6-m/libc_nano.a
END GROUP
                0x0000000020000800                __stack = (ORIGIN (RAM) + LENGTH (RAM))
                0x0000000020000800                _estack = __stack
                0x0000000000000400                __Main_Stack_Size = 0x400
                [!provide]                        PROVIDE (_Main_Stack_Size, __Main_Stack_Size)
                0x0000000020000400                __Main_Stack_Limit = (__stack - __Main_Stack_Size)
                [!provide]                        PROVIDE (_Main_Stack_Limit, __Main_Stack_Limit)
                0x0000000000000100                _Minimum_Stack_Size = 0x100
                0x000000002000039c                PROVIDE (_Heap_Begin, _end_noinit)
                0x0000000020000400                PROVIDE (_Heap_Limit, (__stack - __Main_Stack_Size))

.isr_vector     0x0000000008000000      0x228
 FILL mask 0xff
                0x0000000008000000                __vectors_start = ABSOLUTE (.)
                0x0000000008000000                __vectors_start__ = ABSOLUTE (.)
 *(.isr_vector)
 .isr_vector    0x0000000008000000       0xc0 ./system/src/cmsis/startup_stm32l011xx.o
                0x0000000008000000                g_pfnVectors
 *(.cfmconfig)
 *(.after_vectors .after_vectors.*)
 .after_vectors
                0x00000000080000c0      0x118 ./system/src/newlib/_startup.o
                0x00000000080000c0                _start
 .after_vectors
                0x00000000080001d8       0x50 ./system/src/cortexm/exception_handlers.o
                0x00000000080001d8                Reset_Handler
                0x00000000080001de                NMI_Handler
                0x00000000080001e2                HardFault_Handler
                0x00000000080001fa                HardFault_Handler_C
                0x0000000008000218                SVC_Handler
                0x000000000800021c                PendSV_Handler
                0x0000000008000220                SysTick_Handler

.inits          0x0000000008000228       0x28
                0x0000000008000228                __data_regions_array_start = .
                0x0000000008000228        0x4 LONG 0x8001e78 LOADADDR (.data)
                0x000000000800022c        0x4 LONG 0x20000000 ADDR (.data)
                0x0000000008000230        0x4 LONG 0x200001dc (ADDR (.data) + SIZEOF (.data))
                0x0000000008000234        0x4 LONG 0x8001e78 LOADADDR (.data_CCMRAM)
                0x0000000008000238        0x4 LONG 0x10000000 ADDR (.data_CCMRAM)
                0x000000000800023c        0x4 LONG 0x10000000 (ADDR (.data_CCMRAM) + SIZEOF (.data_CCMRAM))
                0x0000000008000240                __data_regions_array_end = .
                0x0000000008000240                __bss_regions_array_start = .
                0x0000000008000240        0x4 LONG 0x200001dc ADDR (.bss)
                0x0000000008000244        0x4 LONG 0x2000039c (ADDR (.bss) + SIZEOF (.bss))
                0x0000000008000248        0x4 LONG 0x10000000 ADDR (.bss_CCMRAM)
                0x000000000800024c        0x4 LONG 0x10000000 (ADDR (.bss_CCMRAM) + SIZEOF (.bss_CCMRAM))
                0x0000000008000250                __bss_regions_array_end = .
 *(.init)
 *(.fini)
                0x0000000008000250                . = ALIGN (0x4)
                0x0000000008000250                PROVIDE (__preinit_array_start, .)
 *(.preinit_array_sysinit .preinit_array_sysinit.*)
 *(.preinit_array_platform .preinit_array_platform.*)
 *(.preinit_array .preinit_array.*)
                0x0000000008000250                PROVIDE (__preinit_array_end, .)
                0x0000000008000250                . = ALIGN (0x4)
                0x0000000008000250                PROVIDE (__init_array_start, .)
 *(SORT(.init_array.*))
 *(.init_array)
                0x0000000008000250                PROVIDE (__init_array_end, .)
                0x0000000008000250                . = ALIGN (0x4)
                0x0000000008000250                PROVIDE (__fini_array_start, .)
 *(SORT(.fini_array.*))
 *(.fini_array)
                0x0000000008000250                PROVIDE (__fini_array_end, .)

.flashtext
 *(.flashtext .flashtext.*)

.text           0x0000000008000250     0x1c26
 *(.text .text.*)
 .text._sbrk    0x0000000008000250       0x48 ./system/src/newlib/_sbrk.o
                0x0000000008000250                _sbrk
 .text._exit    0x0000000008000298       0x20 ./system/src/newlib/_syscalls.o
                0x0000000008000298                _exit
 .text.initialise_monitor_handles
                0x00000000080002b8       0xac ./system/src/newlib/_syscalls.o
                0x00000000080002b8                initialise_monitor_handles
 .text.__initialize_args
                0x0000000008000364      0x104 ./system/src/newlib/_syscalls.o
                0x0000000008000364                __initialize_args
 .text.trace_printf
                0x0000000008000468       0x2c ./system/src/diag/Trace.o
                0x0000000008000468                trace_printf
 .text._trace_write_semihosting_debug
                0x0000000008000494       0x60 ./system/src/diag/trace_impl.o
 .text.trace_write
                0x00000000080004f4        0x8 ./system/src/diag/trace_impl.o
                0x00000000080004f4                trace_write
 .text.__initialize_hardware_early
                0x00000000080004fc        0x8 ./system/src/cortexm/_initialize_hardware.o
                0x00000000080004fc                __initialize_hardware_early
 .text.__initialize_hardware
                0x0000000008000504        0x8 ./system/src/cortexm/_initialize_hardware.o
                0x0000000008000504                __initialize_hardware
 .text.dumpExceptionStack
                0x000000000800050c       0x88 ./system/src/cortexm/exception_handlers.o
                0x000000000800050c                dumpExceptionStack
 .text.Default_Handler
                0x0000000008000594        0x2 ./system/src/cmsis/startup_stm32l011xx.o
                0x0000000008000594                ADC1_COMP_IRQHandler
                0x0000000008000594                PVD_IRQHandler
                0x0000000008000594                I2C1_IRQHandler
                0x0000000008000594                SPI1_IRQHandler
                0x0000000008000594                EXTI2_3_IRQHandler
                0x0000000008000594                RTC_IRQHandler
                0x0000000008000594                DMA1_Channel4_5_6_7_IRQHandler
                0x0000000008000594                EXTI4_15_IRQHandler
                0x0000000008000594                RCC_IRQHandler
                0x0000000008000594                DMA1_Channel1_IRQHandler
                0x0000000008000594                Default_Handler
                0x0000000008000594                EXTI0_1_IRQHandler
                0x0000000008000594                TIM21_IRQHandler
                0x0000000008000594                WWDG_IRQHandler
                0x0000000008000594                LPUART1_IRQHandler
                0x0000000008000594                TIM2_IRQHandler
                0x0000000008000594                DMA1_Channel2_3_IRQHandler
                0x0000000008000594                USART2_IRQHandler
                0x0000000008000594                FLASH_IRQHandler
                0x0000000008000594                LPTIM1_IRQHandler
 *fill*         0x0000000008000596        0x2 
 .text.SystemInit
                0x0000000008000598       0x5c ./system/src/cmsis/system_stm32l0xx.o
                0x0000000008000598                SystemInit
 .text.SystemCoreClockUpdate
                0x00000000080005f4       0xc8 ./system/src/cmsis/system_stm32l0xx.o
                0x00000000080005f4                SystemCoreClockUpdate
 .text.HAL_InitTick
                0x00000000080006bc       0x28 ./system/src/STM32L011xx/stm32l0xx_hal.o
                0x00000000080006bc                HAL_InitTick
 .text.HAL_Init
                0x00000000080006e4       0x20 ./system/src/STM32L011xx/stm32l0xx_hal.o
                0x00000000080006e4                HAL_Init
 .text.HAL_GetTick
                0x0000000008000704        0xc ./system/src/STM32L011xx/stm32l0xx_hal.o
                0x0000000008000704                HAL_GetTick
 .text.HAL_NVIC_SetPriority
                0x0000000008000710       0x64 ./system/src/STM32L011xx/stm32l0xx_hal_cortex.o
                0x0000000008000710                HAL_NVIC_SetPriority
 .text.HAL_SYSTICK_Config
                0x0000000008000774       0x38 ./system/src/STM32L011xx/stm32l0xx_hal_cortex.o
                0x0000000008000774                HAL_SYSTICK_Config
 .text.HAL_SYSTICK_CLKSourceConfig
                0x00000000080007ac       0x20 ./system/src/STM32L011xx/stm32l0xx_hal_cortex.o
                0x00000000080007ac                HAL_SYSTICK_CLKSourceConfig
 .text.HAL_GPIO_Init
                0x00000000080007cc      0x17c ./system/src/STM32L011xx/stm32l0xx_hal_gpio.o
                0x00000000080007cc                HAL_GPIO_Init
 .text.HAL_GPIO_WritePin
                0x0000000008000948        0xc ./system/src/STM32L011xx/stm32l0xx_hal_gpio.o
                0x0000000008000948                HAL_GPIO_WritePin
 .text.HAL_MspInit
                0x0000000008000954        0x2 ./system/src/STM32L011xx/stm32l0xx_hal_msp_template.o
                0x0000000008000954                HAL_MspInit
 *fill*         0x0000000008000956        0x2 
 .text.RCC_SetFlashLatencyFromMSIRange
                0x0000000008000958       0x80 ./system/src/STM32L011xx/stm32l0xx_hal_rcc.o
 .text.HAL_RCC_OscConfig
                0x00000000080009d8      0x4f8 ./system/src/STM32L011xx/stm32l0xx_hal_rcc.o
                0x00000000080009d8                HAL_RCC_OscConfig
 .text.HAL_RCC_GetSysClockFreq
                0x0000000008000ed0       0x94 ./system/src/STM32L011xx/stm32l0xx_hal_rcc.o
                0x0000000008000ed0                HAL_RCC_GetSysClockFreq
 .text.HAL_RCC_ClockConfig
                0x0000000008000f64      0x1a0 ./system/src/STM32L011xx/stm32l0xx_hal_rcc.o
                0x0000000008000f64                HAL_RCC_ClockConfig
 .text.HAL_RCC_GetHCLKFreq
                0x0000000008001104        0xc ./system/src/STM32L011xx/stm32l0xx_hal_rcc.o
                0x0000000008001104                HAL_RCC_GetHCLKFreq
 .text.SystemClock_Config
                0x0000000008001110       0x6c ./src/init.o
 .text.GPIO_Init
                0x000000000800117c       0x50 ./src/init.o
 .text.Init     0x00000000080011cc        0xc ./src/init.o
                0x00000000080011cc                Init
 .text.main     0x00000000080011d8       0x2c ./src/main.o
                0x00000000080011d8                main
 .text          0x0000000008001204      0x114 /home/lchagnoleau/opt/gcc-arm-none-eabi-6-2017-q1-update/bin/../lib/gcc/arm-none-eabi/6.3.1/thumb/v6-m/libgcc.a(_udivsi3.o)
                0x0000000008001204                __udivsi3
                0x0000000008001204                __aeabi_uidiv
                0x0000000008001310                __aeabi_uidivmod
 .text          0x0000000008001318        0x4 /home/lchagnoleau/opt/gcc-arm-none-eabi-6-2017-q1-update/bin/../lib/gcc/arm-none-eabi/6.3.1/thumb/v6-m/libgcc.a(_dvmd_tls.o)
                0x0000000008001318                __aeabi_ldiv0
                0x0000000008001318                __aeabi_idiv0
 .text.__errno  0x000000000800131c        0xc /home/lchagnoleau/opt/gcc-arm-none-eabi-6-2017-q1-update/bin/../lib/gcc/arm-none-eabi/6.3.1/../../../../arm-none-eabi/lib/thumb/v6-m/libg_nano.a(lib_a-errno.o)
                0x000000000800131c                __errno
 .text.__locale_ctype_ptr
                0x0000000008001328       0x1c /home/lchagnoleau/opt/gcc-arm-none-eabi-6-2017-q1-update/bin/../lib/gcc/arm-none-eabi/6.3.1/../../../../arm-none-eabi/lib/thumb/v6-m/libg_nano.a(lib_a-locale.o)
                0x0000000008001328                __locale_ctype_ptr
 .text.__ascii_mbtowc
                0x0000000008001344       0x24 /home/lchagnoleau/opt/gcc-arm-none-eabi-6-2017-q1-update/bin/../lib/gcc/arm-none-eabi/6.3.1/../../../../arm-none-eabi/lib/thumb/v6-m/libg_nano.a(lib_a-mbtowc_r.o)
                0x0000000008001344                __ascii_mbtowc
 .text.memcpy   0x0000000008001368       0x12 /home/lchagnoleau/opt/gcc-arm-none-eabi-6-2017-q1-update/bin/../lib/gcc/arm-none-eabi/6.3.1/../../../../arm-none-eabi/lib/thumb/v6-m/libg_nano.a(lib_a-memcpy-stub.o)
                0x0000000008001368                memcpy
 *fill*         0x000000000800137a        0x2 
 .text._malloc_r
                0x000000000800137c       0xbc /home/lchagnoleau/opt/gcc-arm-none-eabi-6-2017-q1-update/bin/../lib/gcc/arm-none-eabi/6.3.1/../../../../arm-none-eabi/lib/thumb/v6-m/libg_nano.a(lib_a-nano-mallocr.o)
                0x000000000800137c                _malloc_r
 .text._sbrk_r  0x0000000008001438       0x24 /home/lchagnoleau/opt/gcc-arm-none-eabi-6-2017-q1-update/bin/../lib/gcc/arm-none-eabi/6.3.1/../../../../arm-none-eabi/lib/thumb/v6-m/libg_nano.a(lib_a-sbrkr.o)
                0x0000000008001438                _sbrk_r
 .text._vsnprintf_r
                0x000000000800145c       0x56 /home/lchagnoleau/opt/gcc-arm-none-eabi-6-2017-q1-update/bin/../lib/gcc/arm-none-eabi/6.3.1/../../../../arm-none-eabi/lib/thumb/v6-m/libg_nano.a(lib_a-vsnprintf.o)
                0x000000000800145c                _vsnprintf_r
                0x000000000800145c                _vsniprintf_r
 *fill*         0x00000000080014b2        0x2 
 .text.vsnprintf
                0x00000000080014b4       0x18 /home/lchagnoleau/opt/gcc-arm-none-eabi-6-2017-q1-update/bin/../lib/gcc/arm-none-eabi/6.3.1/../../../../arm-none-eabi/lib/thumb/v6-m/libg_nano.a(lib_a-vsnprintf.o)
                0x00000000080014b4                vsnprintf
                0x00000000080014b4                vsniprintf
 .text.__ascii_wctomb
                0x00000000080014cc       0x18 /home/lchagnoleau/opt/gcc-arm-none-eabi-6-2017-q1-update/bin/../lib/gcc/arm-none-eabi/6.3.1/../../../../arm-none-eabi/lib/thumb/v6-m/libg_nano.a(lib_a-wctomb_r.o)
                0x00000000080014cc                __ascii_wctomb
 .text.__malloc_lock
                0x00000000080014e4        0x2 /home/lchagnoleau/opt/gcc-arm-none-eabi-6-2017-q1-update/bin/../lib/gcc/arm-none-eabi/6.3.1/../../../../arm-none-eabi/lib/thumb/v6-m/libg_nano.a(lib_a-mlock.o)
                0x00000000080014e4                __malloc_lock
 .text.__malloc_unlock
                0x00000000080014e6        0x2 /home/lchagnoleau/opt/gcc-arm-none-eabi-6-2017-q1-update/bin/../lib/gcc/arm-none-eabi/6.3.1/../../../../arm-none-eabi/lib/thumb/v6-m/libg_nano.a(lib_a-mlock.o)
                0x00000000080014e6                __malloc_unlock
 .text._free_r  0x00000000080014e8       0x94 /home/lchagnoleau/opt/gcc-arm-none-eabi-6-2017-q1-update/bin/../lib/gcc/arm-none-eabi/6.3.1/../../../../arm-none-eabi/lib/thumb/v6-m/libg_nano.a(lib_a-nano-freer.o)
                0x00000000080014e8                _free_r
 .text.__ssputs_r
                0x000000000800157c       0xc4 /home/lchagnoleau/opt/gcc-arm-none-eabi-6-2017-q1-update/bin/../lib/gcc/arm-none-eabi/6.3.1/../../../../arm-none-eabi/lib/thumb/v6-m/libg_nano.a(lib_a-nano-svfprintf.o)
                0x000000000800157c                __ssputs_r
 .text._svfprintf_r
                0x0000000008001640      0x208 /home/lchagnoleau/opt/gcc-arm-none-eabi-6-2017-q1-update/bin/../lib/gcc/arm-none-eabi/6.3.1/../../../../arm-none-eabi/lib/thumb/v6-m/libg_nano.a(lib_a-nano-svfprintf.o)
                0x0000000008001640                _svfprintf_r
                0x0000000008001640                _svfiprintf_r
 .text._printf_common
                0x0000000008001848       0xda /home/lchagnoleau/opt/gcc-arm-none-eabi-6-2017-q1-update/bin/../lib/gcc/arm-none-eabi/6.3.1/../../../../arm-none-eabi/lib/thumb/v6-m/libg_nano.a(lib_a-nano-vfprintf_i.o)
                0x0000000008001848                _printf_common
 *fill*         0x0000000008001922        0x2 
 .text._printf_i
                0x0000000008001924      0x234 /home/lchagnoleau/opt/gcc-arm-none-eabi-6-2017-q1-update/bin/../lib/gcc/arm-none-eabi/6.3.1/../../../../arm-none-eabi/lib/thumb/v6-m/libg_nano.a(lib_a-nano-vfprintf_i.o)
                0x0000000008001924                _printf_i
 .text.memchr   0x0000000008001b58       0x16 /home/lchagnoleau/opt/gcc-arm-none-eabi-6-2017-q1-update/bin/../lib/gcc/arm-none-eabi/6.3.1/../../../../arm-none-eabi/lib/thumb/v6-m/libg_nano.a(lib_a-memchr-stub.o)
                0x0000000008001b58                memchr
 .text.memmove  0x0000000008001b6e       0x24 /home/lchagnoleau/opt/gcc-arm-none-eabi-6-2017-q1-update/bin/../lib/gcc/arm-none-eabi/6.3.1/../../../../arm-none-eabi/lib/thumb/v6-m/libg_nano.a(lib_a-memmove.o)
                0x0000000008001b6e                memmove
 .text._realloc_r
                0x0000000008001b92       0x4c /home/lchagnoleau/opt/gcc-arm-none-eabi-6-2017-q1-update/bin/../lib/gcc/arm-none-eabi/6.3.1/../../../../arm-none-eabi/lib/thumb/v6-m/libg_nano.a(lib_a-nano-reallocr.o)
                0x0000000008001b92                _realloc_r
 .text._malloc_usable_size_r
                0x0000000008001bde       0x10 /home/lchagnoleau/opt/gcc-arm-none-eabi-6-2017-q1-update/bin/../lib/gcc/arm-none-eabi/6.3.1/../../../../arm-none-eabi/lib/thumb/v6-m/libg_nano.a(lib_a-nano-msizer.o)
                0x0000000008001bde                _malloc_usable_size_r
 *(.rodata .rodata.* .constdata .constdata.*)
 *fill*         0x0000000008001bee        0x2 
 .rodata.initialise_monitor_handles.str1.4
                0x0000000008001bf0        0x4 ./system/src/newlib/_syscalls.o
 .rodata.dumpExceptionStack.str1.4
                0x0000000008001bf4       0xae ./system/src/cortexm/exception_handlers.o
 *fill*         0x0000000008001ca2        0x2 
 .rodata.str1.4
                0x0000000008001ca4        0xd ./system/src/cortexm/exception_handlers.o
 *fill*         0x0000000008001cb1        0x3 
 .rodata.AHBPrescTable
                0x0000000008001cb4       0x10 ./system/src/cmsis/system_stm32l0xx.o
                0x0000000008001cb4                AHBPrescTable
 .rodata.PLLMulTable
                0x0000000008001cc4        0x9 ./system/src/cmsis/system_stm32l0xx.o
                0x0000000008001cc4                PLLMulTable
 *fill*         0x0000000008001ccd        0x3 
 .rodata.main.str1.4
                0x0000000008001cd0        0x8 ./src/main.o
 .rodata.__sf_fake_stderr
                0x0000000008001cd8       0x20 /home/lchagnoleau/opt/gcc-arm-none-eabi-6-2017-q1-update/bin/../lib/gcc/arm-none-eabi/6.3.1/../../../../arm-none-eabi/lib/thumb/v6-m/libg_nano.a(lib_a-findfp.o)
                0x0000000008001cd8                __sf_fake_stderr
 .rodata.__sf_fake_stdin
                0x0000000008001cf8       0x20 /home/lchagnoleau/opt/gcc-arm-none-eabi-6-2017-q1-update/bin/../lib/gcc/arm-none-eabi/6.3.1/../../../../arm-none-eabi/lib/thumb/v6-m/libg_nano.a(lib_a-findfp.o)
                0x0000000008001cf8                __sf_fake_stdin
 .rodata.__sf_fake_stdout
                0x0000000008001d18       0x20 /home/lchagnoleau/opt/gcc-arm-none-eabi-6-2017-q1-update/bin/../lib/gcc/arm-none-eabi/6.3.1/../../../../arm-none-eabi/lib/thumb/v6-m/libg_nano.a(lib_a-findfp.o)
                0x0000000008001d18                __sf_fake_stdout
 .rodata._setlocale_r.str1.1
                0x0000000008001d38        0x8 /home/lchagnoleau/opt/gcc-arm-none-eabi-6-2017-q1-update/bin/../lib/gcc/arm-none-eabi/6.3.1/../../../../arm-none-eabi/lib/thumb/v6-m/libg_nano.a(lib_a-locale.o)
                                          0x9 (size before relaxing)
 .rodata.str1.1
                0x0000000008001d40        0x2 /home/lchagnoleau/opt/gcc-arm-none-eabi-6-2017-q1-update/bin/../lib/gcc/arm-none-eabi/6.3.1/../../../../arm-none-eabi/lib/thumb/v6-m/libg_nano.a(lib_a-locale.o)
 .rodata._ctype_
                0x0000000008001d42      0x101 /home/lchagnoleau/opt/gcc-arm-none-eabi-6-2017-q1-update/bin/../lib/gcc/arm-none-eabi/6.3.1/../../../../arm-none-eabi/lib/thumb/v6-m/libg_nano.a(lib_a-ctype_.o)
                0x0000000008001d42                _ctype_
 .rodata._svfprintf_r.str1.1
                0x0000000008001e43       0x11 /home/lchagnoleau/opt/gcc-arm-none-eabi-6-2017-q1-update/bin/../lib/gcc/arm-none-eabi/6.3.1/../../../../arm-none-eabi/lib/thumb/v6-m/libg_nano.a(lib_a-nano-svfprintf.o)
 .rodata._printf_i.str1.1
                0x0000000008001e54       0x22 /home/lchagnoleau/opt/gcc-arm-none-eabi-6-2017-q1-update/bin/../lib/gcc/arm-none-eabi/6.3.1/../../../../arm-none-eabi/lib/thumb/v6-m/libg_nano.a(lib_a-nano-vfprintf_i.o)
 *(vtable)
 *(.eh_frame*)
 *(.glue_7)
 .glue_7        0x0000000008001e76        0x0 linker stubs
 *(.glue_7t)
 .glue_7t       0x0000000008001e76        0x0 linker stubs

.vfp11_veneer   0x0000000008001e78        0x0
 .vfp11_veneer  0x0000000008001e78        0x0 linker stubs

.v4_bx          0x0000000008001e78        0x0
 .v4_bx         0x0000000008001e78        0x0 linker stubs

.iplt           0x0000000008001e78        0x0
 .iplt          0x0000000008001e78        0x0 ./system/src/newlib/_cxx.o

.rel.dyn        0x0000000008001e78        0x0
 .rel.iplt      0x0000000008001e78        0x0 ./system/src/newlib/_cxx.o

.ARM.extab
 *(.ARM.extab* .gnu.linkonce.armextab.*)
                0x0000000008001e78                . = ALIGN (0x4)
                0x0000000008001e78                __exidx_start = .

.ARM.exidx
 *(.ARM.exidx* .gnu.linkonce.armexidx.*)
                0x0000000008001e78                __exidx_end = .
                0x0000000008001e78                . = ALIGN (0x4)
                0x0000000008001e78                _etext = .
                0x0000000008001e78                __etext = .

.data_CCMRAM    0x0000000010000000        0x0 load address 0x0000000008001e78
 FILL mask 0xff
 *(.data.CCMRAM .data.CCMRAM.*)
                0x0000000010000000                . = ALIGN (0x4)
                0x0000000008001e78                _sidata = LOADADDR (.data)

.data           0x0000000020000000      0x1dc load address 0x0000000008001e78
 FILL mask 0xff
                0x0000000020000000                _sdata = .
                0x0000000020000000                __data_start__ = .
 *(.data_begin .data_begin.*)
 .data_begin    0x0000000020000000        0x4 ./system/src/newlib/_startup.o
 *(.data .data.*)
 .data.SystemCoreClock
                0x0000000020000004        0x4 ./system/src/cmsis/system_stm32l0xx.o
                0x0000000020000004                SystemCoreClock
 .data._impure_ptr
                0x0000000020000008        0x4 /home/lchagnoleau/opt/gcc-arm-none-eabi-6-2017-q1-update/bin/../lib/gcc/arm-none-eabi/6.3.1/../../../../arm-none-eabi/lib/thumb/v6-m/libg_nano.a(lib_a-impure.o)
                0x0000000020000008                _impure_ptr
 .data.impure_data
                0x000000002000000c       0x60 /home/lchagnoleau/opt/gcc-arm-none-eabi-6-2017-q1-update/bin/../lib/gcc/arm-none-eabi/6.3.1/../../../../arm-none-eabi/lib/thumb/v6-m/libg_nano.a(lib_a-impure.o)
 .data.__global_locale
                0x000000002000006c      0x16c /home/lchagnoleau/opt/gcc-arm-none-eabi-6-2017-q1-update/bin/../lib/gcc/arm-none-eabi/6.3.1/../../../../arm-none-eabi/lib/thumb/v6-m/libg_nano.a(lib_a-locale.o)
                0x000000002000006c                __global_locale
 *(.data_end .data_end.*)
 .data_end      0x00000000200001d8        0x4 ./system/src/newlib/_startup.o
                0x00000000200001dc                . = ALIGN (0x4)
                0x00000000200001dc                _edata = .
                0x00000000200001dc                __data_end__ = .

.igot.plt       0x00000000200001dc        0x0 load address 0x0000000008002054
 .igot.plt      0x00000000200001dc        0x0 ./system/src/newlib/_cxx.o

.bss_CCMRAM     0x0000000010000000        0x0
 *(.bss.CCMRAM .bss.CCMRAM.*)

.bss            0x00000000200001dc      0x1c0
                0x00000000200001dc                __bss_start__ = .
                0x00000000200001dc                _sbss = .
 *(.bss_begin .bss_begin.*)
 .bss_begin     0x00000000200001dc        0x4 ./system/src/newlib/_startup.o
 *(.bss .bss.*)
 .bss.current_heap_end.4427
                0x00000000200001e0        0x4 ./system/src/newlib/_sbrk.o
 .bss.args_buf.6278
                0x00000000200001e4       0x50 ./system/src/newlib/_syscalls.o
 .bss.argv_buf.6279
                0x0000000020000234       0x28 ./system/src/newlib/_syscalls.o
 .bss.monitor_stderr
                0x000000002000025c        0x4 ./system/src/newlib/_syscalls.o
 .bss.monitor_stdin
                0x0000000020000260        0x4 ./system/src/newlib/_syscalls.o
 .bss.monitor_stdout
                0x0000000020000264        0x4 ./system/src/newlib/_syscalls.o
 .bss.openfiles
                0x0000000020000268       0xa0 ./system/src/newlib/_syscalls.o
 .bss.buf.5632  0x0000000020000308       0x80 ./system/src/diag/Trace.o
 .bss.__malloc_free_list
                0x0000000020000388        0x4 /home/lchagnoleau/opt/gcc-arm-none-eabi-6-2017-q1-update/bin/../lib/gcc/arm-none-eabi/6.3.1/../../../../arm-none-eabi/lib/thumb/v6-m/libg_nano.a(lib_a-nano-mallocr.o)
                0x0000000020000388                __malloc_free_list
 .bss.__malloc_sbrk_start
                0x000000002000038c        0x4 /home/lchagnoleau/opt/gcc-arm-none-eabi-6-2017-q1-update/bin/../lib/gcc/arm-none-eabi/6.3.1/../../../../arm-none-eabi/lib/thumb/v6-m/libg_nano.a(lib_a-nano-mallocr.o)
                0x000000002000038c                __malloc_sbrk_start
 *(COMMON)
 COMMON         0x0000000020000390        0x4 ./system/src/newlib/_syscalls.o
                0x0000000020000390                errno
 COMMON         0x0000000020000394        0x4 ./system/src/STM32L011xx/stm32l0xx_hal.o
                0x0000000020000394                uwTick
 *(.bss_end .bss_end.*)
 .bss_end       0x0000000020000398        0x4 ./system/src/newlib/_startup.o
                0x000000002000039c                . = ALIGN (0x4)
                0x000000002000039c                __bss_end__ = .
                0x000000002000039c                _ebss = .

.noinit_CCMRAM
 *(.noinit.CCMRAM .noinit.CCMRAM.*)

.noinit         0x000000002000039c        0x0
                0x000000002000039c                _noinit = .
 *(.noinit .noinit.*)
                0x000000002000039c                . = ALIGN (0x4)
                0x000000002000039c                _end_noinit = .
                [!provide]                        PROVIDE (end, _end_noinit)
                [!provide]                        PROVIDE (_end, _end_noinit)
                [!provide]                        PROVIDE (__end, _end_noinit)
                [!provide]                        PROVIDE (__end__, _end_noinit)

._check_stack   0x000000002000039c      0x100
                0x000000002000049c                . = (. + _Minimum_Stack_Size)
 *fill*         0x000000002000039c      0x100 

.b1text
 *(.b1text)
 *(.b1rodata)
 *(.b1rodata.*)

.eb0text
 *(.eb0text)
 *(.eb0rodata)
 *(.eb0rodata.*)

.eb1text
 *(.eb1text)
 *(.eb1rodata)
 *(.eb1rodata.*)

.eb2text
 *(.eb2text)
 *(.eb2rodata)
 *(.eb2rodata.*)

.eb3text
 *(.eb3text)
 *(.eb3rodata)
 *(.eb3rodata.*)

.stab
 *(.stab)

.stabstr
 *(.stabstr)

.stab.excl
 *(.stab.excl)

.stab.exclstr
 *(.stab.exclstr)

.stab.index
 *(.stab.index)

.stab.indexstr
 *(.stab.indexstr)

.comment        0x0000000000000000       0x7f
 *(.comment)
 .comment       0x0000000000000000       0x7f ./system/src/newlib/_sbrk.o
                                         0x80 (size before relaxing)
 .comment       0x000000000000007f       0x80 ./system/src/newlib/_startup.o
 .comment       0x000000000000007f       0x80 ./system/src/newlib/_syscalls.o
 .comment       0x000000000000007f       0x80 ./system/src/diag/Trace.o
 .comment       0x000000000000007f       0x80 ./system/src/diag/trace_impl.o
 .comment       0x000000000000007f       0x80 ./system/src/cortexm/_initialize_hardware.o
 .comment       0x000000000000007f       0x80 ./system/src/cortexm/exception_handlers.o
 .comment       0x000000000000007f       0x80 ./system/src/cmsis/system_stm32l0xx.o
 .comment       0x000000000000007f       0x80 ./system/src/STM32L011xx/stm32l0xx_hal.o
 .comment       0x000000000000007f       0x80 ./system/src/STM32L011xx/stm32l0xx_hal_cortex.o
 .comment       0x000000000000007f       0x80 ./system/src/STM32L011xx/stm32l0xx_hal_gpio.o
 .comment       0x000000000000007f       0x80 ./system/src/STM32L011xx/stm32l0xx_hal_msp_template.o
 .comment       0x000000000000007f       0x80 ./system/src/STM32L011xx/stm32l0xx_hal_rcc.o
 .comment       0x000000000000007f       0x80 ./src/init.o
 .comment       0x000000000000007f       0x80 ./src/main.o

.ARM.attributes
                0x0000000000000000       0x30
 .ARM.attributes
                0x0000000000000000       0x32 ./system/src/newlib/_sbrk.o
 .ARM.attributes
                0x0000000000000032       0x32 ./system/src/newlib/_startup.o
 .ARM.attributes
                0x0000000000000064       0x32 ./system/src/newlib/_syscalls.o
 .ARM.attributes
                0x0000000000000096       0x32 ./system/src/diag/Trace.o
 .ARM.attributes
                0x00000000000000c8       0x32 ./system/src/diag/trace_impl.o
 .ARM.attributes
                0x00000000000000fa       0x32 ./system/src/cortexm/_initialize_hardware.o
 .ARM.attributes
                0x000000000000012c       0x32 ./system/src/cortexm/exception_handlers.o
 .ARM.attributes
                0x000000000000015e       0x22 ./system/src/cmsis/startup_stm32l011xx.o
 .ARM.attributes
                0x0000000000000180       0x32 ./system/src/cmsis/system_stm32l0xx.o
 .ARM.attributes
                0x00000000000001b2       0x32 ./system/src/STM32L011xx/stm32l0xx_hal.o
 .ARM.attributes
                0x00000000000001e4       0x32 ./system/src/STM32L011xx/stm32l0xx_hal_cortex.o
 .ARM.attributes
                0x0000000000000216       0x32 ./system/src/STM32L011xx/stm32l0xx_hal_gpio.o
 .ARM.attributes
                0x0000000000000248       0x32 ./system/src/STM32L011xx/stm32l0xx_hal_msp_template.o
 .ARM.attributes
                0x000000000000027a       0x32 ./system/src/STM32L011xx/stm32l0xx_hal_rcc.o
 .ARM.attributes
                0x00000000000002ac       0x32 ./src/init.o
 .ARM.attributes
                0x00000000000002de       0x32 ./src/main.o
 .ARM.attributes
                0x0000000000000310       0x1e /home/lchagnoleau/opt/gcc-arm-none-eabi-6-2017-q1-update/bin/../lib/gcc/arm-none-eabi/6.3.1/thumb/v6-m/libgcc.a(_udivsi3.o)
 .ARM.attributes
                0x000000000000032e       0x1e /home/lchagnoleau/opt/gcc-arm-none-eabi-6-2017-q1-update/bin/../lib/gcc/arm-none-eabi/6.3.1/thumb/v6-m/libgcc.a(_dvmd_tls.o)
 .ARM.attributes
                0x000000000000034c       0x2c /home/lchagnoleau/opt/gcc-arm-none-eabi-6-2017-q1-update/bin/../lib/gcc/arm-none-eabi/6.3.1/../../../../arm-none-eabi/lib/thumb/v6-m/libg_nano.a(lib_a-errno.o)
 .ARM.attributes
                0x0000000000000378       0x2c /home/lchagnoleau/opt/gcc-arm-none-eabi-6-2017-q1-update/bin/../lib/gcc/arm-none-eabi/6.3.1/../../../../arm-none-eabi/lib/thumb/v6-m/libg_nano.a(lib_a-findfp.o)
 .ARM.attributes
                0x00000000000003a4       0x2c /home/lchagnoleau/opt/gcc-arm-none-eabi-6-2017-q1-update/bin/../lib/gcc/arm-none-eabi/6.3.1/../../../../arm-none-eabi/lib/thumb/v6-m/libg_nano.a(lib_a-impure.o)
 .ARM.attributes
                0x00000000000003d0       0x2c /home/lchagnoleau/opt/gcc-arm-none-eabi-6-2017-q1-update/bin/../lib/gcc/arm-none-eabi/6.3.1/../../../../arm-none-eabi/lib/thumb/v6-m/libg_nano.a(lib_a-locale.o)
 .ARM.attributes
                0x00000000000003fc       0x2c /home/lchagnoleau/opt/gcc-arm-none-eabi-6-2017-q1-update/bin/../lib/gcc/arm-none-eabi/6.3.1/../../../../arm-none-eabi/lib/thumb/v6-m/libg_nano.a(lib_a-mbtowc_r.o)
 .ARM.attributes
                0x0000000000000428       0x2c /home/lchagnoleau/opt/gcc-arm-none-eabi-6-2017-q1-update/bin/../lib/gcc/arm-none-eabi/6.3.1/../../../../arm-none-eabi/lib/thumb/v6-m/libg_nano.a(lib_a-memcpy-stub.o)
 .ARM.attributes
                0x0000000000000454       0x2c /home/lchagnoleau/opt/gcc-arm-none-eabi-6-2017-q1-update/bin/../lib/gcc/arm-none-eabi/6.3.1/../../../../arm-none-eabi/lib/thumb/v6-m/libg_nano.a(lib_a-nano-mallocr.o)
 .ARM.attributes
                0x0000000000000480       0x2c /home/lchagnoleau/opt/gcc-arm-none-eabi-6-2017-q1-update/bin/../lib/gcc/arm-none-eabi/6.3.1/../../../../arm-none-eabi/lib/thumb/v6-m/libg_nano.a(lib_a-sbrkr.o)
 .ARM.attributes
                0x00000000000004ac       0x2c /home/lchagnoleau/opt/gcc-arm-none-eabi-6-2017-q1-update/bin/../lib/gcc/arm-none-eabi/6.3.1/../../../../arm-none-eabi/lib/thumb/v6-m/libg_nano.a(lib_a-vsnprintf.o)
 .ARM.attributes
                0x00000000000004d8       0x2c /home/lchagnoleau/opt/gcc-arm-none-eabi-6-2017-q1-update/bin/../lib/gcc/arm-none-eabi/6.3.1/../../../../arm-none-eabi/lib/thumb/v6-m/libg_nano.a(lib_a-wctomb_r.o)
 .ARM.attributes
                0x0000000000000504       0x2c /home/lchagnoleau/opt/gcc-arm-none-eabi-6-2017-q1-update/bin/../lib/gcc/arm-none-eabi/6.3.1/../../../../arm-none-eabi/lib/thumb/v6-m/libg_nano.a(lib_a-ctype_.o)
 .ARM.attributes
                0x0000000000000530       0x2c /home/lchagnoleau/opt/gcc-arm-none-eabi-6-2017-q1-update/bin/../lib/gcc/arm-none-eabi/6.3.1/../../../../arm-none-eabi/lib/thumb/v6-m/libg_nano.a(lib_a-mlock.o)
 .ARM.attributes
                0x000000000000055c       0x2c /home/lchagnoleau/opt/gcc-arm-none-eabi-6-2017-q1-update/bin/../lib/gcc/arm-none-eabi/6.3.1/../../../../arm-none-eabi/lib/thumb/v6-m/libg_nano.a(lib_a-nano-freer.o)
 .ARM.attributes
                0x0000000000000588       0x2c /home/lchagnoleau/opt/gcc-arm-none-eabi-6-2017-q1-update/bin/../lib/gcc/arm-none-eabi/6.3.1/../../../../arm-none-eabi/lib/thumb/v6-m/libg_nano.a(lib_a-nano-svfprintf.o)
 .ARM.attributes
                0x00000000000005b4       0x2c /home/lchagnoleau/opt/gcc-arm-none-eabi-6-2017-q1-update/bin/../lib/gcc/arm-none-eabi/6.3.1/../../../../arm-none-eabi/lib/thumb/v6-m/libg_nano.a(lib_a-nano-vfprintf_i.o)
 .ARM.attributes
                0x00000000000005e0       0x2c /home/lchagnoleau/opt/gcc-arm-none-eabi-6-2017-q1-update/bin/../lib/gcc/arm-none-eabi/6.3.1/../../../../arm-none-eabi/lib/thumb/v6-m/libg_nano.a(lib_a-memchr-stub.o)
 .ARM.attributes
                0x000000000000060c       0x2c /home/lchagnoleau/opt/gcc-arm-none-eabi-6-2017-q1-update/bin/../lib/gcc/arm-none-eabi/6.3.1/../../../../arm-none-eabi/lib/thumb/v6-m/libg_nano.a(lib_a-memmove.o)
 .ARM.attributes
                0x0000000000000638       0x2c /home/lchagnoleau/opt/gcc-arm-none-eabi-6-2017-q1-update/bin/../lib/gcc/arm-none-eabi/6.3.1/../../../../arm-none-eabi/lib/thumb/v6-m/libg_nano.a(lib_a-nano-reallocr.o)
 .ARM.attributes
                0x0000000000000664       0x2c /home/lchagnoleau/opt/gcc-arm-none-eabi-6-2017-q1-update/bin/../lib/gcc/arm-none-eabi/6.3.1/../../../../arm-none-eabi/lib/thumb/v6-m/libg_nano.a(lib_a-nano-msizer.o)

.debug
 *(.debug)

.line
 *(.line)

.debug_srcinfo
 *(.debug_srcinfo)

.debug_sfnames
 *(.debug_sfnames)

.debug_aranges  0x0000000000000000      0x560
 *(.debug_aranges)
 .debug_aranges
                0x0000000000000000       0x20 ./system/src/newlib/_sbrk.o
 .debug_aranges
                0x0000000000000020       0x40 ./system/src/newlib/_startup.o
 .debug_aranges
                0x0000000000000060      0x120 ./system/src/newlib/_syscalls.o
 .debug_aranges
                0x0000000000000180       0x38 ./system/src/diag/Trace.o
 .debug_aranges
                0x00000000000001b8       0x30 ./system/src/diag/trace_impl.o
 .debug_aranges
                0x00000000000001e8       0x28 ./system/src/cortexm/_initialize_hardware.o
 .debug_aranges
                0x0000000000000210       0x58 ./system/src/cortexm/exception_handlers.o
 .debug_aranges
                0x0000000000000268       0x28 ./system/src/cmsis/startup_stm32l011xx.o
 .debug_aranges
                0x0000000000000290       0x28 ./system/src/cmsis/system_stm32l0xx.o
 .debug_aranges
                0x00000000000002b8       0xe0 ./system/src/STM32L011xx/stm32l0xx_hal.o
 .debug_aranges
                0x0000000000000398       0x78 ./system/src/STM32L011xx/stm32l0xx_hal_cortex.o
 .debug_aranges
                0x0000000000000410       0x58 ./system/src/STM32L011xx/stm32l0xx_hal_gpio.o
 .debug_aranges
                0x0000000000000468       0x38 ./system/src/STM32L011xx/stm32l0xx_hal_msp_template.o
 .debug_aranges
                0x00000000000004a0       0x70 ./system/src/STM32L011xx/stm32l0xx_hal_rcc.o
 .debug_aranges
                0x0000000000000510       0x30 ./src/init.o
 .debug_aranges
                0x0000000000000540       0x20 ./src/main.o

.debug_pubnames
 *(.debug_pubnames)

.debug_info     0x0000000000000000     0xb2e3
 *(.debug_info .gnu.linkonce.wi.*)
 .debug_info    0x0000000000000000      0x949 ./system/src/newlib/_sbrk.o
 .debug_info    0x0000000000000949      0x440 ./system/src/newlib/_startup.o
 .debug_info    0x0000000000000d89     0x2018 ./system/src/newlib/_syscalls.o
 .debug_info    0x0000000000002da1      0xb31 ./system/src/diag/Trace.o
 .debug_info    0x00000000000038d2      0x3d7 ./system/src/diag/trace_impl.o
 .debug_info    0x0000000000003ca9      0x172 ./system/src/cortexm/_initialize_hardware.o
 .debug_info    0x0000000000003e1b      0xc1b ./system/src/cortexm/exception_handlers.o
 .debug_info    0x0000000000004a36       0x7b ./system/src/cmsis/startup_stm32l011xx.o
 .debug_info    0x0000000000004ab1      0x389 ./system/src/cmsis/system_stm32l0xx.o
 .debug_info    0x0000000000004e3a      0xfa4 ./system/src/STM32L011xx/stm32l0xx_hal.o
 .debug_info    0x0000000000005dde      0xfd3 ./system/src/STM32L011xx/stm32l0xx_hal_cortex.o
 .debug_info    0x0000000000006db1      0xee6 ./system/src/STM32L011xx/stm32l0xx_hal_gpio.o
 .debug_info    0x0000000000007c97      0x980 ./system/src/STM32L011xx/stm32l0xx_hal_msp_template.o
 .debug_info    0x0000000000008617     0x128f ./system/src/STM32L011xx/stm32l0xx_hal_rcc.o
 .debug_info    0x00000000000098a6      0xfa8 ./src/init.o
 .debug_info    0x000000000000a84e      0xa95 ./src/main.o

.debug_abbrev   0x0000000000000000     0x223a
 *(.debug_abbrev)
 .debug_abbrev  0x0000000000000000      0x1fc ./system/src/newlib/_sbrk.o
 .debug_abbrev  0x00000000000001fc      0x1b3 ./system/src/newlib/_startup.o
 .debug_abbrev  0x00000000000003af      0x428 ./system/src/newlib/_syscalls.o
 .debug_abbrev  0x00000000000007d7      0x276 ./system/src/diag/Trace.o
 .debug_abbrev  0x0000000000000a4d      0x1ca ./system/src/diag/trace_impl.o
 .debug_abbrev  0x0000000000000c17       0x9a ./system/src/cortexm/_initialize_hardware.o
 .debug_abbrev  0x0000000000000cb1      0x28f ./system/src/cortexm/exception_handlers.o
 .debug_abbrev  0x0000000000000f40       0x12 ./system/src/cmsis/startup_stm32l011xx.o
 .debug_abbrev  0x0000000000000f52      0x100 ./system/src/cmsis/system_stm32l0xx.o
 .debug_abbrev  0x0000000000001052      0x2e3 ./system/src/STM32L011xx/stm32l0xx_hal.o
 .debug_abbrev  0x0000000000001335      0x326 ./system/src/STM32L011xx/stm32l0xx_hal_cortex.o
 .debug_abbrev  0x000000000000165b      0x28d ./system/src/STM32L011xx/stm32l0xx_hal_gpio.o
 .debug_abbrev  0x00000000000018e8      0x1aa ./system/src/STM32L011xx/stm32l0xx_hal_msp_template.o
 .debug_abbrev  0x0000000000001a92      0x2fb ./system/src/STM32L011xx/stm32l0xx_hal_rcc.o
 .debug_abbrev  0x0000000000001d8d      0x27c ./src/init.o
 .debug_abbrev  0x0000000000002009      0x231 ./src/main.o

.debug_line     0x0000000000000000     0x4fbc
 *(.debug_line)
 .debug_line    0x0000000000000000      0x304 ./system/src/newlib/_sbrk.o
 .debug_line    0x0000000000000304      0x3c7 ./system/src/newlib/_startup.o
 .debug_line    0x00000000000006cb      0x8b5 ./system/src/newlib/_syscalls.o
 .debug_line    0x0000000000000f80      0x3bb ./system/src/diag/Trace.o
 .debug_line    0x000000000000133b      0x43d ./system/src/diag/trace_impl.o
 .debug_line    0x0000000000001778      0x2c2 ./system/src/cortexm/_initialize_hardware.o
 .debug_line    0x0000000000001a3a      0x488 ./system/src/cortexm/exception_handlers.o
 .debug_line    0x0000000000001ec2       0x9e ./system/src/cmsis/startup_stm32l011xx.o
 .debug_line    0x0000000000001f60      0x2de ./system/src/cmsis/system_stm32l0xx.o
 .debug_line    0x000000000000223e      0x723 ./system/src/STM32L011xx/stm32l0xx_hal.o
 .debug_line    0x0000000000002961      0x6c0 ./system/src/STM32L011xx/stm32l0xx_hal_cortex.o
 .debug_line    0x0000000000003021      0x69d ./system/src/STM32L011xx/stm32l0xx_hal_gpio.o
 .debug_line    0x00000000000036be      0x5a2 ./system/src/STM32L011xx/stm32l0xx_hal_msp_template.o
 .debug_line    0x0000000000003c60      0x7f6 ./system/src/STM32L011xx/stm32l0xx_hal_rcc.o
 .debug_line    0x0000000000004456      0x5c8 ./src/init.o
 .debug_line    0x0000000000004a1e      0x59e ./src/main.o

.debug_frame    0x0000000000000000     0x109c
 *(.debug_frame)
 .debug_frame   0x0000000000000000       0x28 ./system/src/newlib/_sbrk.o
 .debug_frame   0x0000000000000028       0x80 ./system/src/newlib/_startup.o
 .debug_frame   0x00000000000000a8      0x398 ./system/src/newlib/_syscalls.o
 .debug_frame   0x0000000000000440       0x78 ./system/src/diag/Trace.o
 .debug_frame   0x00000000000004b8       0x60 ./system/src/diag/trace_impl.o
 .debug_frame   0x0000000000000518       0x40 ./system/src/cortexm/_initialize_hardware.o
 .debug_frame   0x0000000000000558       0xb0 ./system/src/cortexm/exception_handlers.o
 .debug_frame   0x0000000000000608       0x38 ./system/src/cmsis/system_stm32l0xx.o
 .debug_frame   0x0000000000000640      0x1c4 ./system/src/STM32L011xx/stm32l0xx_hal.o
 .debug_frame   0x0000000000000804       0xe4 ./system/src/STM32L011xx/stm32l0xx_hal_cortex.o
 .debug_frame   0x00000000000008e8       0xc8 ./system/src/STM32L011xx/stm32l0xx_hal_gpio.o
 .debug_frame   0x00000000000009b0       0x50 ./system/src/STM32L011xx/stm32l0xx_hal_msp_template.o
 .debug_frame   0x0000000000000a00      0x120 ./system/src/STM32L011xx/stm32l0xx_hal_rcc.o
 .debug_frame   0x0000000000000b20       0x60 ./src/init.o
 .debug_frame   0x0000000000000b80       0x28 ./src/main.o
 .debug_frame   0x0000000000000ba8       0x20 /home/lchagnoleau/opt/gcc-arm-none-eabi-6-2017-q1-update/bin/../lib/gcc/arm-none-eabi/6.3.1/thumb/v6-m/libgcc.a(_udivsi3.o)
 .debug_frame   0x0000000000000bc8       0x20 /home/lchagnoleau/opt/gcc-arm-none-eabi-6-2017-q1-update/bin/../lib/gcc/arm-none-eabi/6.3.1/../../../../arm-none-eabi/lib/thumb/v6-m/libg_nano.a(lib_a-errno.o)
 .debug_frame   0x0000000000000be8      0x140 /home/lchagnoleau/opt/gcc-arm-none-eabi-6-2017-q1-update/bin/../lib/gcc/arm-none-eabi/6.3.1/../../../../arm-none-eabi/lib/thumb/v6-m/libg_nano.a(lib_a-findfp.o)
 .debug_frame   0x0000000000000d28       0x74 /home/lchagnoleau/opt/gcc-arm-none-eabi-6-2017-q1-update/bin/../lib/gcc/arm-none-eabi/6.3.1/../../../../arm-none-eabi/lib/thumb/v6-m/libg_nano.a(lib_a-locale.o)
 .debug_frame   0x0000000000000d9c       0x44 /home/lchagnoleau/opt/gcc-arm-none-eabi-6-2017-q1-update/bin/../lib/gcc/arm-none-eabi/6.3.1/../../../../arm-none-eabi/lib/thumb/v6-m/libg_nano.a(lib_a-mbtowc_r.o)
 .debug_frame   0x0000000000000de0       0x28 /home/lchagnoleau/opt/gcc-arm-none-eabi-6-2017-q1-update/bin/../lib/gcc/arm-none-eabi/6.3.1/../../../../arm-none-eabi/lib/thumb/v6-m/libg_nano.a(lib_a-memcpy-stub.o)
 .debug_frame   0x0000000000000e08       0x2c /home/lchagnoleau/opt/gcc-arm-none-eabi-6-2017-q1-update/bin/../lib/gcc/arm-none-eabi/6.3.1/../../../../arm-none-eabi/lib/thumb/v6-m/libg_nano.a(lib_a-nano-mallocr.o)
 .debug_frame   0x0000000000000e34       0x2c /home/lchagnoleau/opt/gcc-arm-none-eabi-6-2017-q1-update/bin/../lib/gcc/arm-none-eabi/6.3.1/../../../../arm-none-eabi/lib/thumb/v6-m/libg_nano.a(lib_a-sbrkr.o)
 .debug_frame   0x0000000000000e60       0x48 /home/lchagnoleau/opt/gcc-arm-none-eabi-6-2017-q1-update/bin/../lib/gcc/arm-none-eabi/6.3.1/../../../../arm-none-eabi/lib/thumb/v6-m/libg_nano.a(lib_a-vsnprintf.o)
 .debug_frame   0x0000000000000ea8       0x38 /home/lchagnoleau/opt/gcc-arm-none-eabi-6-2017-q1-update/bin/../lib/gcc/arm-none-eabi/6.3.1/../../../../arm-none-eabi/lib/thumb/v6-m/libg_nano.a(lib_a-wctomb_r.o)
 .debug_frame   0x0000000000000ee0       0x30 /home/lchagnoleau/opt/gcc-arm-none-eabi-6-2017-q1-update/bin/../lib/gcc/arm-none-eabi/6.3.1/../../../../arm-none-eabi/lib/thumb/v6-m/libg_nano.a(lib_a-mlock.o)
 .debug_frame   0x0000000000000f10       0x2c /home/lchagnoleau/opt/gcc-arm-none-eabi-6-2017-q1-update/bin/../lib/gcc/arm-none-eabi/6.3.1/../../../../arm-none-eabi/lib/thumb/v6-m/libg_nano.a(lib_a-nano-freer.o)
 .debug_frame   0x0000000000000f3c       0x74 /home/lchagnoleau/opt/gcc-arm-none-eabi-6-2017-q1-update/bin/../lib/gcc/arm-none-eabi/6.3.1/../../../../arm-none-eabi/lib/thumb/v6-m/libg_nano.a(lib_a-nano-svfprintf.o)
 .debug_frame   0x0000000000000fb0       0x54 /home/lchagnoleau/opt/gcc-arm-none-eabi-6-2017-q1-update/bin/../lib/gcc/arm-none-eabi/6.3.1/../../../../arm-none-eabi/lib/thumb/v6-m/libg_nano.a(lib_a-nano-vfprintf_i.o)
 .debug_frame   0x0000000000001004       0x20 /home/lchagnoleau/opt/gcc-arm-none-eabi-6-2017-q1-update/bin/../lib/gcc/arm-none-eabi/6.3.1/../../../../arm-none-eabi/lib/thumb/v6-m/libg_nano.a(lib_a-memchr-stub.o)
 .debug_frame   0x0000000000001024       0x28 /home/lchagnoleau/opt/gcc-arm-none-eabi-6-2017-q1-update/bin/../lib/gcc/arm-none-eabi/6.3.1/../../../../arm-none-eabi/lib/thumb/v6-m/libg_nano.a(lib_a-memmove.o)
 .debug_frame   0x000000000000104c       0x30 /home/lchagnoleau/opt/gcc-arm-none-eabi-6-2017-q1-update/bin/../lib/gcc/arm-none-eabi/6.3.1/../../../../arm-none-eabi/lib/thumb/v6-m/libg_nano.a(lib_a-nano-reallocr.o)
 .debug_frame   0x000000000000107c       0x20 /home/lchagnoleau/opt/gcc-arm-none-eabi-6-2017-q1-update/bin/../lib/gcc/arm-none-eabi/6.3.1/../../../../arm-none-eabi/lib/thumb/v6-m/libg_nano.a(lib_a-nano-msizer.o)

.debug_str      0x0000000000000000    0x5d72c
 *(.debug_str)
 .debug_str     0x0000000000000000     0x65ff ./system/src/newlib/_sbrk.o
                                       0x67ed (size before relaxing)
 .debug_str     0x00000000000065ff      0xbb8 ./system/src/newlib/_startup.o
                                       0x5f56 (size before relaxing)
 .debug_str     0x00000000000071b7     0x3602 ./system/src/newlib/_syscalls.o
                                       0xa83a (size before relaxing)
 .debug_str     0x000000000000a7b9      0x17d ./system/src/diag/Trace.o
                                       0x7c21 (size before relaxing)
 .debug_str     0x000000000000a936    0x2b4b3 ./system/src/diag/trace_impl.o
                                      0x3250c (size before relaxing)
 .debug_str     0x0000000000035de9       0x5e ./system/src/cortexm/_initialize_hardware.o
                                      0x2e911 (size before relaxing)
 .debug_str     0x0000000000035e47      0x109 ./system/src/cortexm/exception_handlers.o
                                      0x33333 (size before relaxing)
 .debug_str     0x0000000000035f50      0x453 ./system/src/cmsis/system_stm32l0xx.o
                                      0x2ecea (size before relaxing)
 .debug_str     0x00000000000363a3    0x26977 ./system/src/STM32L011xx/stm32l0xx_hal.o
                                      0x59798 (size before relaxing)
 .debug_str     0x000000000005cd1a      0x1a8 ./system/src/STM32L011xx/stm32l0xx_hal_cortex.o
                                      0x594dc (size before relaxing)
 .debug_str     0x000000000005cec2      0x2bc ./system/src/STM32L011xx/stm32l0xx_hal_gpio.o
                                      0x594a9 (size before relaxing)
 .debug_str     0x000000000005d17e       0x59 ./system/src/STM32L011xx/stm32l0xx_hal_msp_template.o
                                      0x59138 (size before relaxing)
 .debug_str     0x000000000005d1d7      0x4d6 ./system/src/STM32L011xx/stm32l0xx_hal_rcc.o
                                      0x5975e (size before relaxing)
 .debug_str     0x000000000005d6ad       0x71 ./src/init.o
                                      0x5a56a (size before relaxing)
 .debug_str     0x000000000005d71e        0xe ./src/main.o
                                      0x5a14f (size before relaxing)

.debug_loc      0x0000000000000000     0x24e0
 *(.debug_loc)
 .debug_loc     0x0000000000000000       0x99 ./system/src/newlib/_sbrk.o
 .debug_loc     0x0000000000000099      0x19e ./system/src/newlib/_startup.o
 .debug_loc     0x0000000000000237     0x1179 ./system/src/newlib/_syscalls.o
 .debug_loc     0x00000000000013b0       0xf6 ./system/src/diag/Trace.o
 .debug_loc     0x00000000000014a6      0x10a ./system/src/diag/trace_impl.o
 .debug_loc     0x00000000000015b0       0x94 ./system/src/cortexm/exception_handlers.o
 .debug_loc     0x0000000000001644      0x1cf ./system/src/cmsis/system_stm32l0xx.o
 .debug_loc     0x0000000000001813       0xac ./system/src/STM32L011xx/stm32l0xx_hal.o
 .debug_loc     0x00000000000018bf      0x393 ./system/src/STM32L011xx/stm32l0xx_hal_cortex.o
 .debug_loc     0x0000000000001c52      0x2a5 ./system/src/STM32L011xx/stm32l0xx_hal_gpio.o
 .debug_loc     0x0000000000001ef7      0x5ab ./system/src/STM32L011xx/stm32l0xx_hal_rcc.o
 .debug_loc     0x00000000000024a2       0x3e ./src/main.o

.debug_macinfo
 *(.debug_macinfo)

.debug_weaknames
 *(.debug_weaknames)

.debug_funcnames
 *(.debug_funcnames)

.debug_typenames
 *(.debug_typenames)

.debug_varnames
 *(.debug_varnames)
OUTPUT(Vignotech.elf elf32-littlearm)

.debug_ranges   0x0000000000000000      0x5a0
 .debug_ranges  0x0000000000000000       0x10 ./system/src/newlib/_sbrk.o
 .debug_ranges  0x0000000000000010       0x78 ./system/src/newlib/_startup.o
 .debug_ranges  0x0000000000000088      0x158 ./system/src/newlib/_syscalls.o
 .debug_ranges  0x00000000000001e0       0x28 ./system/src/diag/Trace.o
 .debug_ranges  0x0000000000000208       0x38 ./system/src/diag/trace_impl.o
 .debug_ranges  0x0000000000000240       0x18 ./system/src/cortexm/_initialize_hardware.o
 .debug_ranges  0x0000000000000258       0x48 ./system/src/cortexm/exception_handlers.o
 .debug_ranges  0x00000000000002a0       0x20 ./system/src/cmsis/startup_stm32l011xx.o
 .debug_ranges  0x00000000000002c0       0x18 ./system/src/cmsis/system_stm32l0xx.o
 .debug_ranges  0x00000000000002d8       0xd0 ./system/src/STM32L011xx/stm32l0xx_hal.o
 .debug_ranges  0x00000000000003a8       0xb0 ./system/src/STM32L011xx/stm32l0xx_hal_cortex.o
 .debug_ranges  0x0000000000000458       0x48 ./system/src/STM32L011xx/stm32l0xx_hal_gpio.o
 .debug_ranges  0x00000000000004a0       0x28 ./system/src/STM32L011xx/stm32l0xx_hal_msp_template.o
 .debug_ranges  0x00000000000004c8       0x90 ./system/src/STM32L011xx/stm32l0xx_hal_rcc.o
 .debug_ranges  0x0000000000000558       0x20 ./src/init.o
 .debug_ranges  0x0000000000000578       0x28 ./src/main.o

.debug_macro    0x0000000000000000    0x10283
 .debug_macro   0x0000000000000000      0x15c ./system/src/newlib/_sbrk.o
 .debug_macro   0x000000000000015c      0x174 ./system/src/newlib/_sbrk.o
 .debug_macro   0x00000000000002d0       0x10 ./system/src/newlib/_sbrk.o
 .debug_macro   0x00000000000002e0      0x23b ./system/src/newlib/_sbrk.o
 .debug_macro   0x000000000000051b      0x17b ./system/src/newlib/_startup.o
 .debug_macro   0x0000000000000696       0x87 ./system/src/newlib/_startup.o
 .debug_macro   0x000000000000071d       0x51 ./system/src/newlib/_startup.o
 .debug_macro   0x000000000000076e       0xef ./system/src/newlib/_startup.o
 .debug_macro   0x000000000000085d      0x1df ./system/src/newlib/_startup.o
 .debug_macro   0x0000000000000a3c       0x58 ./system/src/newlib/_startup.o
 .debug_macro   0x0000000000000a94      0x2cc ./system/src/newlib/_syscalls.o
 .debug_macro   0x0000000000000d60       0x10 ./system/src/newlib/_syscalls.o
 .debug_macro   0x0000000000000d70       0x10 ./system/src/newlib/_syscalls.o
 .debug_macro   0x0000000000000d80       0x10 ./system/src/newlib/_syscalls.o
 .debug_macro   0x0000000000000d90       0x35 ./system/src/newlib/_syscalls.o
 .debug_macro   0x0000000000000dc5      0x122 ./system/src/newlib/_syscalls.o
 .debug_macro   0x0000000000000ee7      0x1da ./system/src/newlib/_syscalls.o
 .debug_macro   0x00000000000010c1       0x10 ./system/src/newlib/_syscalls.o
 .debug_macro   0x00000000000010d1       0x1c ./system/src/newlib/_syscalls.o
 .debug_macro   0x00000000000010ed       0x10 ./system/src/newlib/_syscalls.o
 .debug_macro   0x00000000000010fd       0x10 ./system/src/newlib/_syscalls.o
 .debug_macro   0x000000000000110d       0x16 ./system/src/newlib/_syscalls.o
 .debug_macro   0x0000000000001123      0x18b ./system/src/newlib/_syscalls.o
 .debug_macro   0x00000000000012ae       0x16 ./system/src/newlib/_syscalls.o
 .debug_macro   0x00000000000012c4       0x88 ./system/src/newlib/_syscalls.o
 .debug_macro   0x000000000000134c      0x241 ./system/src/newlib/_syscalls.o
 .debug_macro   0x000000000000158d       0x16 ./system/src/newlib/_syscalls.o
 .debug_macro   0x00000000000015a3       0x3a ./system/src/newlib/_syscalls.o
 .debug_macro   0x00000000000015dd      0x111 ./system/src/newlib/_syscalls.o
 .debug_macro   0x00000000000016ee      0x159 ./system/src/newlib/_syscalls.o
 .debug_macro   0x0000000000001847       0x16 ./system/src/newlib/_syscalls.o
 .debug_macro   0x000000000000185d       0x22 ./system/src/newlib/_syscalls.o
 .debug_macro   0x000000000000187f      0x1e4 ./system/src/diag/Trace.o
 .debug_macro   0x0000000000001a63       0x16 ./system/src/diag/Trace.o
 .debug_macro   0x0000000000001a79       0x97 ./system/src/diag/Trace.o
 .debug_macro   0x0000000000001b10       0xfd ./system/src/diag/Trace.o
 .debug_macro   0x0000000000001c0d       0x4c ./system/src/diag/Trace.o
 .debug_macro   0x0000000000001c59      0x1f0 ./system/src/diag/trace_impl.o
 .debug_macro   0x0000000000001e49       0x28 ./system/src/diag/trace_impl.o
 .debug_macro   0x0000000000001e71       0x35 ./system/src/diag/trace_impl.o
 .debug_macro   0x0000000000001ea6       0x26 ./system/src/diag/trace_impl.o
 .debug_macro   0x0000000000001ecc      0x329 ./system/src/diag/trace_impl.o
 .debug_macro   0x00000000000021f5     0x7b8e ./system/src/diag/trace_impl.o
 .debug_macro   0x0000000000009d83       0x10 ./system/src/diag/trace_impl.o
 .debug_macro   0x0000000000009d93       0xcf ./system/src/diag/trace_impl.o
 .debug_macro   0x0000000000009e62       0xbe ./system/src/diag/trace_impl.o
 .debug_macro   0x0000000000009f20       0xb8 ./system/src/cortexm/_initialize_hardware.o
 .debug_macro   0x0000000000009fd8      0x230 ./system/src/cortexm/exception_handlers.o
 .debug_macro   0x000000000000a208       0x3b ./system/src/cortexm/exception_handlers.o
 .debug_macro   0x000000000000a243       0x10 ./system/src/cortexm/exception_handlers.o
 .debug_macro   0x000000000000a253       0xd5 ./system/src/cmsis/system_stm32l0xx.o
 .debug_macro   0x000000000000a328       0x2e ./system/src/cmsis/system_stm32l0xx.o
 .debug_macro   0x000000000000a356       0x3c ./system/src/cmsis/system_stm32l0xx.o
 .debug_macro   0x000000000000a392      0x2d1 ./system/src/STM32L011xx/stm32l0xx_hal.o
 .debug_macro   0x000000000000a663       0x8a ./system/src/STM32L011xx/stm32l0xx_hal.o
 .debug_macro   0x000000000000a6ed     0x34a2 ./system/src/STM32L011xx/stm32l0xx_hal.o
 .debug_macro   0x000000000000db8f       0x57 ./system/src/STM32L011xx/stm32l0xx_hal.o
 .debug_macro   0x000000000000dbe6      0x8a3 ./system/src/STM32L011xx/stm32l0xx_hal.o
 .debug_macro   0x000000000000e489      0x42e ./system/src/STM32L011xx/stm32l0xx_hal.o
 .debug_macro   0x000000000000e8b7      0x14d ./system/src/STM32L011xx/stm32l0xx_hal.o
 .debug_macro   0x000000000000ea04       0xf8 ./system/src/STM32L011xx/stm32l0xx_hal.o
 .debug_macro   0x000000000000eafc       0x28 ./system/src/STM32L011xx/stm32l0xx_hal.o
 .debug_macro   0x000000000000eb24      0x12a ./system/src/STM32L011xx/stm32l0xx_hal.o
 .debug_macro   0x000000000000ec4e      0x246 ./system/src/STM32L011xx/stm32l0xx_hal.o
 .debug_macro   0x000000000000ee94      0x18f ./system/src/STM32L011xx/stm32l0xx_hal.o
 .debug_macro   0x000000000000f023       0x16 ./system/src/STM32L011xx/stm32l0xx_hal.o
 .debug_macro   0x000000000000f039      0x115 ./system/src/STM32L011xx/stm32l0xx_hal.o
 .debug_macro   0x000000000000f14e      0x2ad ./system/src/STM32L011xx/stm32l0xx_hal_cortex.o
 .debug_macro   0x000000000000f3fb      0x2e6 ./system/src/STM32L011xx/stm32l0xx_hal_gpio.o
 .debug_macro   0x000000000000f6e1      0x2ad ./system/src/STM32L011xx/stm32l0xx_hal_msp_template.o
 .debug_macro   0x000000000000f98e      0x2fb ./system/src/STM32L011xx/stm32l0xx_hal_rcc.o
 .debug_macro   0x000000000000fc89      0x2f5 ./src/init.o
 .debug_macro   0x000000000000ff7e       0x10 ./src/init.o
 .debug_macro   0x000000000000ff8e      0x2f5 ./src/main.o
